mode: set
go-backoffice-seller-api/src/database/gorm-database.go:20.40,22.2 1 1
go-backoffice-seller-api/src/database/gorm-database.go:24.61,31.16 3 1
go-backoffice-seller-api/src/database/gorm-database.go:36.2,37.15 2 1
go-backoffice-seller-api/src/database/gorm-database.go:31.16,33.3 1 0
go-backoffice-seller-api/src/database/gorm-database.go:33.8,35.3 1 1
go-backoffice-seller-api/src/database/gorm-database.go:41.69,42.21 1 1
go-backoffice-seller-api/src/database/gorm-database.go:47.2,47.17 1 1
go-backoffice-seller-api/src/database/gorm-database.go:42.21,43.20 1 1
go-backoffice-seller-api/src/database/gorm-database.go:43.20,45.4 1 1
go-backoffice-seller-api/src/database/gorm-database.go:50.39,51.21 1 1
go-backoffice-seller-api/src/database/gorm-database.go:54.2,54.40 1 1
go-backoffice-seller-api/src/database/gorm-database.go:51.21,52.56 1 0
go-backoffice-seller-api/src/repositories/implementations/userRepository.go:21.53,23.2 1 1
go-backoffice-seller-api/src/repositories/implementations/userRepository.go:25.83,29.2 3 1
go-backoffice-seller-api/src/utils/json.go:11.39,20.16 5 0
go-backoffice-seller-api/src/utils/json.go:25.2,26.8 2 0
go-backoffice-seller-api/src/utils/json.go:20.16,23.3 2 0
go-backoffice-seller-api/src/utils/json.go:29.65,39.16 5 1
go-backoffice-seller-api/src/utils/json.go:44.2,45.8 2 1
go-backoffice-seller-api/src/utils/json.go:39.16,42.3 2 0
go-backoffice-seller-api/src/utils/json.go:48.56,58.16 5 1
go-backoffice-seller-api/src/utils/json.go:63.2,64.8 2 1
go-backoffice-seller-api/src/utils/json.go:58.16,61.3 2 0
go-backoffice-seller-api/src/utils/json.go:67.83,77.16 5 0
go-backoffice-seller-api/src/utils/json.go:82.2,83.8 2 0
go-backoffice-seller-api/src/utils/json.go:77.16,80.3 2 0
go-backoffice-seller-api/src/utils/mux-router.go:22.29,23.15 1 1
go-backoffice-seller-api/src/utils/mux-router.go:29.2,29.11 1 1
go-backoffice-seller-api/src/utils/mux-router.go:23.15,24.24 1 1
go-backoffice-seller-api/src/utils/mux-router.go:24.24,27.4 2 1
go-backoffice-seller-api/src/utils/mux-router.go:32.44,34.2 1 1
go-backoffice-seller-api/src/utils/mux-router.go:36.85,38.2 1 1
go-backoffice-seller-api/src/utils/mux-router.go:40.86,42.2 1 0
go-backoffice-seller-api/src/utils/mux-router.go:44.85,46.2 1 0
go-backoffice-seller-api/src/utils/mux-router.go:48.88,50.2 1 0
go-backoffice-seller-api/src/utils/mux-router.go:52.40,55.2 2 0
go-backoffice-seller-api/src/utils/mux-router.go:57.81,61.2 2 1
go-backoffice-seller-api/src/useCase/readUser/readUserController.go:21.74,24.2 2 1
go-backoffice-seller-api/src/useCase/readUser/readUserController.go:26.87,29.16 3 1
go-backoffice-seller-api/src/useCase/readUser/readUserController.go:33.2,34.16 2 1
go-backoffice-seller-api/src/useCase/readUser/readUserController.go:38.2,38.23 1 1
go-backoffice-seller-api/src/useCase/readUser/readUserController.go:29.16,32.3 2 0
go-backoffice-seller-api/src/useCase/readUser/readUserController.go:34.16,37.3 2 1
go-backoffice-seller-api/src/useCase/readUser/readUserUseCase.go:18.86,21.2 2 1
go-backoffice-seller-api/src/useCase/readUser/readUserUseCase.go:23.81,25.2 1 1
go-backoffice-seller-api/src/routes/user.go:11.71,19.2 5 1
